// Jest Snapshot v1, https://goo.gl/fbAQLP

exports[`files 1`] = `
"{
  \\"files\\": [
    \\"lib\\",
    \\"rules\\"
  ]
}
"
`;
